// Jest Snapshot v1, https://goo.gl/fbAQLP

exports[`profile component snapshot 1`] = `ShallowWrapper {}`;
