// Jest Snapshot v1, https://goo.gl/fbAQLP

exports[`EditForm component snapshot 1`] = `ShallowWrapper {}`;
