// Jest Snapshot v1, https://goo.gl/fbAQLP

exports[`Header component snapshot 1`] = `ShallowWrapper {}`;
