// Jest Snapshot v1, https://goo.gl/fbAQLP

exports[`login actions snapshot 1`] = `ShallowWrapper {}`;
