// Jest Snapshot v1, https://goo.gl/fbAQLP

exports[`meetupDetails component snapshot 1`] = `ShallowWrapper {}`;
