// Jest Snapshot v1, https://goo.gl/fbAQLP

exports[`Admin component snapshot 1`] = `ShallowWrapper {}`;
